Microchip MPLAB XC8 Compiler V2.32

Linker command line:

-W-3 --edf=C:\Program Files\Microchip\xc8\v2.32\pic\dat\en_msgs.txt -cn \
  -h+dist/default/production\LDR_sensor.X.production.sym \
  --cmf=dist/default/production\LDR_sensor.X.production.cmf -z -Q16F877A \
  -oC:\Users\vedan\AppData\Local\Temp\xcAsac0.4 --defsym=__MPLAB_BUILD=1 \
  -Mdist/default/production/LDR_sensor.X.production.map -E1 \
  -ver=XC8 Compiler --acfsm=1493 -ASTACK=0110h-016Fh -pstack=STACK \
  -ACODE=00h-07FFhx4 -ASTRCODE=00h-01FFFh -ASTRING=00h-0FFhx32 \
  -ACONST=00h-0FFhx32 -AENTRY=00h-0FFhx32 -ACOMMON=070h-07Fh \
  -ABANK0=020h-06Fh -ABANK1=0A0h-0EFh -ABANK2=0110h-016Fh \
  -ABANK3=0190h-01EFh -ARAM=020h-06Fh,0A0h-0EFh,0110h-016Fh,0190h-01EFh \
  -AABS1=020h-07Fh,0A0h-0EFh,0110h-016Fh,0190h-01EFh -ASFR0=00h-01Fh \
  -ASFR1=080h-09Fh -ASFR2=0100h-010Fh -ASFR3=0180h-018Fh \
  -ACONFIG=02007h-02007h -DCONFIG=2 -AIDLOC=02000h-02003h -DIDLOC=2 \
  -AEEDATA=00h-0FFh/02100h -peeprom_data=EEDATA -DEEDATA=2 -DCODE=2 \
  -DSTRCODE=2 -DSTRING=2 -DCONST=2 -DENTRY=2 \
  -preset_vec=00h,intentry,init,end_init -ppowerup=CODE -pcinit=CODE \
  -pfunctab=ENTRY -k C:\Users\vedan\AppData\Local\Temp\xcAsac0.o \
  dist/default/production\LDR_sensor.X.production.o 

Object code version is 3.11

Machine type is 16F877A



                Name                               Link     Load   Length Selector   Space Scale
C:\Users\vedan\AppData\Local\Temp\xcAsac0.o
                end_init                              0        0        3        0       0
                config                             2007     2007        1        0       4
dist/default/production\LDR_sensor.X.production.o
                cinit                               7FC      7FC        4      FF8       0
                config                             2007     2007        1        0       4
                text7                                4D       4D        9       9A       0
                text6                               204      204       BA      408       0
                text5                                7D       7D       5F       FA       0
                text4                               2BE      2BE      1DD      57C       0
                text3                               162      162       A2      2C4       0
                text2                                56       56       27       AC       0
                text1                               49B      49B      361      936       0
                maintext                             DC       DC       86      1B8       0
                cstackBANK0                          20       20       37       20       1
                cstackCOMMON                         70       70        E       70       1

TOTAL           Name                               Link     Load   Length     Space
        CLASS   STACK          

        CLASS   CODE           
                end_init                              0        0        3         0
                cinit                               7FC      7FC        4         0
                text7                                4D       4D        9         0
                text6                               204      204       BA         0
                text5                                7D       7D       5F         0
                text4                               2BE      2BE      1DD         0
                text3                               162      162       A2         0
                text2                                56       56       27         0
                text1                               49B      49B      361         0
                maintext                             DC       DC       86         0

        CLASS   STRCODE        

        CLASS   STRING         

        CLASS   CONST          

        CLASS   ENTRY          

        CLASS   COMMON         
                cstackCOMMON                         70       70        E         1

        CLASS   BANK0          
                cstackBANK0                          20       20       37         1

        CLASS   BANK1          

        CLASS   BANK2          

        CLASS   BANK3          

        CLASS   RAM            

        CLASS   ABS1           
                abs_s1                               7E       7E        2         1

        CLASS   SFR0           

        CLASS   SFR1           

        CLASS   SFR2           

        CLASS   SFR3           

        CLASS   CONFIG         
                config                             2007     2007        1         4

        CLASS   IDLOC          

        CLASS   EEDATA         



SEGMENTS        Name                           Load    Length   Top    Selector   Space  Class     Delta

                reset_vec                      000000  000003  000003         0       0  CODE        2
                cstackBANK0                    000020  000037  000057        20       1  BANK0       1
                cstackCOMMON                   000070  00000E  00007E        70       1  COMMON      1
                text7                          00004D  000009  000056        9A       0  CODE        2
                text2                          000056  000027  00007D        AC       0  CODE        2
                text5                          00007D  00005F  0000DC        FA       0  CODE        2
                maintext                       0000DC  000086  000162       1B8       0  CODE        2
                text3                          000162  0000A2  000204       2C4       0  CODE        2
                text6                          000204  0000BA  0002BE       408       0  CODE        2
                text4                          0002BE  0001DD  00049B       57C       0  CODE        2
                text1                          00049B  000361  0007FC       936       0  CODE        2
                cinit                          0007FC  000004  000800       FF8       0  CODE        2


UNUSED ADDRESS RANGES

        Name                Unused          Largest block    Delta
        BANK0            0057-006F             19           1
        BANK1            00A0-00EF             50           1
        BANK2            0110-016F             60           1
        BANK3            0190-01EF             60           1
        CODE             0003-004C             4A           2
                         0800-1FFF            800
        CONST            0003-004C             4A           2
                         0800-1FFF            100
        EEDATA           2100-21FF            100           2
        ENTRY            0003-004C             4A           2
                         0800-1FFF            100
        IDLOC            2000-2003              4           2
        RAM              0057-006F             19           1
                         00A0-00EF             50
                         0110-016F             60
                         0190-01EF             60
        SFR0             0000-001F             20           1
        SFR1             0080-009F             20           1
        SFR2             0100-010F             10           1
        SFR3             0180-018F             10           1
        STACK            0110-016F             60           1
        STRCODE          0003-004C             4A           2
                         0800-1FFF           1800
        STRING           0003-004C             4A           2
                         0800-1FFF            100

                                  Symbol Table

?_ADC_readChannel         cstackBANK0  0020
?__Umul8_16               cstackCOMMON 0070
?___fldiv                 cstackBANK0  0035
?___flmul                 cstackBANK0  0020
?___xxtofl                cstackCOMMON 0070
ADC_readChannel@channel   cstackBANK0  0020
_ADCON0                   (abs)        001F
_ADCON1                   (abs)        009F
_ADC_init                 text7        004D
_ADC_readChannel          text5        007D
_ADRESH                   (abs)        001E
_ADRESL                   (abs)        009E
_GO_nDONE                 (abs)        00FA
_PORTDbits                (abs)        0008
_TRISAbits                (abs)        0085
_TRISD                    (abs)        0088
__Habs1                   abs1         0000
__Hbank0                  bank0        0000
__Hbank1                  bank1        0000
__Hbank2                  bank2        0000
__Hbank3                  bank3        0000
__Hcinit                  cinit        0800
__Hclrtext                clrtext      0000
__Hcode                   code         0000
__Hcommon                 common       0000
__Hconfig                 config       2008
__HcstackBANK0            cstackBANK0  0000
__HcstackCOMMON           cstackCOMMON 0000
__Heeprom_data            eeprom_data  0000
__Hend_init               end_init     0003
__Hfunctab                functab      0000
__Hinit                   init         0000
__Hintentry               intentry     0000
__Hmaintext               maintext     0000
__Hpowerup                powerup      0000
__Hram                    ram          0000
__Hreset_vec              reset_vec    0000
__Hsfr0                   sfr0         0000
__Hsfr1                   sfr1         0000
__Hsfr2                   sfr2         0000
__Hsfr3                   sfr3         0000
__Hspace_0                (abs)        0800
__Hspace_1                (abs)        007E
__Hspace_2                (abs)        0000
__Hspace_3                (abs)        0000
__Hspace_4                (abs)        400F
__Hstack                  stack        0000
__Hstrings                strings      0000
__Htext                   text         0000
__Labs1                   abs1         0000
__Lbank0                  bank0        0000
__Lbank1                  bank1        0000
__Lbank2                  bank2        0000
__Lbank3                  bank3        0000
__Lcinit                  cinit        07FC
__Lclrtext                clrtext      0000
__Lcode                   code         0000
__Lcommon                 common       0000
__Lconfig                 config       0000
__LcstackBANK0            cstackBANK0  0000
__LcstackCOMMON           cstackCOMMON 0000
__Leeprom_data            eeprom_data  0000
__Lend_init               end_init     0000
__Lfunctab                functab      0000
__Linit                   init         0000
__Lintentry               intentry     0000
__Lmaintext               maintext     0000
__Lpowerup                powerup      0000
__Lram                    ram          0000
__Lreset_vec              reset_vec    0000
__Lsfr0                   sfr0         0000
__Lsfr1                   sfr1         0000
__Lsfr2                   sfr2         0000
__Lsfr3                   sfr3         0000
__Lspace_0                (abs)        0000
__Lspace_1                (abs)        0000
__Lspace_2                (abs)        0000
__Lspace_3                (abs)        0000
__Lspace_4                (abs)        0000
__Lstack                  stack        0000
__Lstrings                strings      0000
__Ltext                   text         0000
__S0                      (abs)        0800
__S1                      (abs)        007E
__S2                      (abs)        0000
__S3                      (abs)        0000
__Umul8_16                text2        0056
__Umul8_16@multiplicand   cstackCOMMON 0070
__Umul8_16@multiplier     cstackCOMMON 0078
__Umul8_16@product        cstackCOMMON 0074
__Umul8_16@word_mpld      cstackCOMMON 0076
___fldiv                  text4        02BE
___fldiv@a                cstackBANK0  0035
___fldiv@aexp             cstackBANK0  004E
___fldiv@b                cstackBANK0  0039
___fldiv@bexp             cstackBANK0  004D
___fldiv@grs              cstackBANK0  0049
___fldiv@new_exp          cstackBANK0  0047
___fldiv@rem              cstackBANK0  0042
___fldiv@sign             cstackBANK0  0046
___flge                   text3        0162
___flge@ff1               cstackCOMMON 0070
___flge@ff2               cstackCOMMON 0074
___flmul                  text1        049B
___flmul@a                cstackBANK0  0024
___flmul@aexp             cstackBANK0  002D
___flmul@b                cstackBANK0  0020
___flmul@bexp             cstackBANK0  002E
___flmul@grs              cstackBANK0  0029
___flmul@prod             cstackBANK0  002F
___flmul@sign             cstackBANK0  0028
___flmul@temp             cstackBANK0  0033
___int_sp                 stack        0000
___latbits                (abs)        0002
___sp                     stack        0000
___stackhi                (abs)        0000
___stacklo                (abs)        0000
___xxtofl                 text6        0204
___xxtofl@arg             cstackCOMMON 007A
___xxtofl@exp             cstackCOMMON 0079
___xxtofl@sign            cstackCOMMON 0078
___xxtofl@val             cstackCOMMON 0070
__end_of_ADC_init         text7        0056
__end_of_ADC_readChannel  text5        00DC
__end_of__Umul8_16        text2        007D
__end_of___fldiv          text4        049B
__end_of___flge           text3        0204
__end_of___flmul          text1        07FC
__end_of___xxtofl         text6        02BE
__end_of__initialization  cinit        07FC
__end_of_main             maintext     0162
__initialization          cinit        07FC
__pcstackBANK0            cstackBANK0  0020
__pcstackCOMMON           cstackCOMMON 0070
__pmaintext               maintext     00DC
__ptext1                  text1        049B
__ptext2                  text2        0056
__ptext3                  text3        0162
__ptext4                  text4        02BE
__ptext5                  text5        007D
__ptext6                  text6        0204
__ptext7                  text7        004D
__size_of_ADC_init        (abs)        0000
__size_of_ADC_readChannel (abs)        0000
__size_of__Umul8_16       (abs)        0000
__size_of___fldiv         (abs)        0000
__size_of___flge          (abs)        0000
__size_of___flmul         (abs)        0000
__size_of___xxtofl        (abs)        0000
__size_of_main            (abs)        0000
_main                     maintext     00DC
btemp                     (abs)        007E
end_of_initialization     cinit        07FC
intlevel0                 functab      0000
intlevel1                 functab      0000
intlevel2                 functab      0000
intlevel3                 functab      0000
intlevel4                 functab      0000
intlevel5                 functab      0000
main@adc_input            cstackBANK0  004F
main@vout                 cstackBANK0  0053
reset_vec                 reset_vec    0000
start                     init         0000
start_initialization      cinit        07FC
wtemp0                    (abs)        007E


MODULE INFORMATION

Module		Function		Class		Link	Load	Size
C:\Program Files\Microchip\xc8\v2.32\pic\sources\c90\common\flge.c
		___flge        		CODE           	0162	0000	162

C:\Program Files\Microchip\xc8\v2.32\pic\sources\c90\common\flge.c estimated size: 162

C:\Program Files\Microchip\xc8\v2.32\pic\sources\c90\common\xxtofl.c
		___xxtofl      		CODE           	0204	0000	186

C:\Program Files\Microchip\xc8\v2.32\pic\sources\c90\common\xxtofl.c estimated size: 186

ldr_sensor.c
		_main          		CODE           	00DC	0000	134
		_ADC_init      		CODE           	004D	0000	9
		_ADC_readChannel		CODE           	007D	0000	95

ldr_sensor.c estimated size: 238

C:\Program Files\Microchip\xc8\v2.32\pic\sources\c90\common\Umul8_16.c
		__Umul8_16     		CODE           	0056	0000	39

C:\Program Files\Microchip\xc8\v2.32\pic\sources\c90\common\Umul8_16.c estimated size: 39

shared
		__initialization		CODE           	07FC	0000	1

shared estimated size: 1

C:\Program Files\Microchip\xc8\v2.32\pic\sources\c90\common\sprcmul.c
		___flmul       		CODE           	049B	0000	865

C:\Program Files\Microchip\xc8\v2.32\pic\sources\c90\common\sprcmul.c estimated size: 865

C:\Program Files\Microchip\xc8\v2.32\pic\sources\c90\common\sprcdiv.c
		___fldiv       		CODE           	02BE	0000	477

C:\Program Files\Microchip\xc8\v2.32\pic\sources\c90\common\sprcdiv.c estimated size: 477

